// Jest Snapshot v1, https://goo.gl/fbAQLP

exports[`<Comment /> shallow rendering tests matches the snapshot 1`] = `
<ContextProvider
  value={null}
>
  <Comment
    getComments={[Function]}
    getRequest={[Function]}
    postComment={[Function]}
    removeComment={[Function]}
    store={
      Object {
        "clearActions": [Function],
        "dispatch": [Function],
        "getActions": [Function],
        "getState": [Function],
        "replaceReducer": [Function],
        "subscribe": [Function],
      }
    }
  />
</ContextProvider>
`;
