// Jest Snapshot v1, https://goo.gl/fbAQLP

exports[`<Pagination /> shallow rendering tests matches the snapshot 1`] = `
<div
  className="pagination-container"
>
  <div
    className="pagination-section"
  >
    <div
      className="pagination-section__text"
    >
      Page:
    </div>
    <select
      className="pagination-section__select"
      defaultValue={1}
      name="page"
      onChange={[Function]}
    >
      <option
        key="0"
        value={1}
      >
        1
      </option>
      <option
        key="1"
        value={2}
      >
        2
      </option>
      <option
        key="2"
        value={3}
      >
        3
      </option>
      <option
        key="3"
        value={4}
      >
        4
      </option>
    </select>
  </div>
  <div
    className="pagination-section"
  >
    <div
      className="pagination-section__text"
    >
      Rows Per Page:
    </div>
    <select
      className="pagination-section__select"
      defaultValue={5}
      name="rowsPerPage"
      onChange={[Function]}
    >
      <option
        key="0"
        value={5}
      >
        5
      </option>
      <option
        key="1"
        value={10}
      >
        10
      </option>
      <option
        key="2"
        value={15}
      >
        15
      </option>
      <option
        key="3"
        value={20}
      >
        20
      </option>
    </select>
  </div>
  <div
    className="pagination-section"
  >
    <div
      className="pagination-section__text"
    >
      <span>
        1
         -
         
        5
      </span>
       of 
      20
    </div>
  </div>
  <div
    className="pagination-section"
  >
    <button
      className="pagination-section__navigation"
      disabled={true}
      name="decrement"
      onClick={[Function]}
      type="button"
    >
      <img
        className="pagination-section__navigation___left"
        src={
          Object {
            "process": [Function],
          }
        }
      />
    </button>
    <button
      className="pagination-section__navigation"
      disabled={false}
      name="increment"
      onClick={[Function]}
      type="button"
    >
      <img
        className="pagination-section__navigation___right"
        src={
          Object {
            "process": [Function],
          }
        }
      />
    </button>
  </div>
</div>
`;
