// Jest Snapshot v1, https://goo.gl/fbAQLP

exports[`<ProfileForm /> shallow rendering tests matches the snapshot 1`] = `
<form
  className="form"
  onSubmit={[Function]}
>
  <div
    className="form_header"
  >
    <h1
      className="form_header__title"
    >
      Basic info
    </h1>
    <div
      className="form_header__buttons"
    >
      <button
        className="form_header__buttons___button button_white"
        type="button"
      >
        Cancel
      </button>
      <button
        className="form_header__buttons___button button_blue"
        type="submit"
      >
        Update
      </button>
    </div>
  </div>
  <div
    className="form_content"
  >
    <div
      className="form_content__inputField"
    >
      <label
        htmlFor="first_name"
      >
        <span
          className="form_content__inputField___label"
        >
          FIRST NAME
        </span>
        <input
          className="form_content__inputField___input"
          name="first_name"
          onChange={[Function]}
          placeholder="Enter your first name"
          type="text"
        />
      </label>
    </div>
    <div
      className="form_content__inputField"
    >
      <label
        htmlFor="last_name"
      >
        <span
          className="form_content__inputField___label"
        >
          LAST NAME
        </span>
        <input
          className="form_content__inputField___input"
          name="last_name"
          onChange={[Function]}
          placeholder="Enter your last name"
          type="text"
        />
      </label>
    </div>
    <div
      className="form_content__inputField"
    >
      <label
        htmlFor="user_name"
      >
        <span
          className="form_content__inputField___label"
        >
          USERNAME
        </span>
        <input
          className="form_content__inputField___input"
          name="user_name"
          onChange={[Function]}
          placeholder="Enter your user name"
          type="text"
        />
      </label>
    </div>
    <div
      className="form_content__inputField"
    >
      <label
        htmlFor="gender"
      >
        <span
          className="form_content__inputField___label"
        >
          GENDER
        </span>
        <div
          className="form_content__inputField__select"
        >
          <select
            className="form_content__inputField___input"
            name="gender"
            onChange={[Function]}
          >
            <option
              className="placeholder"
              disabled={true}
              selected={true}
            >
              Select your gender
            </option>
            <option
              value="Male"
            >
              Male
            </option>
            <option
              value="Female"
            >
              Female
            </option>
          </select>
        </div>
      </label>
    </div>
    <div
      className="form_content__inputField"
    >
      <label
        htmlFor="dob"
      >
        <span
          className="form_content__inputField___label"
        >
          DATE OF BIRTH
        </span>
        <input
          className="form_content__inputField___input"
          defaultValue="2020-03-25"
          name="dob"
          onChange={[Function]}
          type="date"
        />
      </label>
    </div>
    <div
      className="form_content__inputField"
    >
      <label
        htmlFor="phone"
      >
        <span
          className="form_content__inputField___label"
        >
          PHONE
        </span>
        <input
          className="form_content__inputField___input"
          name="phone"
          onChange={[Function]}
          placeholder="Enter your Phone number"
          type="text"
        />
      </label>
    </div>
    <div
      className="form_content__inputField"
    >
      <label
        htmlFor="address"
      >
        <span
          className="form_content__inputField___label"
        >
          ADDRESS
        </span>
        <input
          className="form_content__inputField___input"
          name="address"
          onChange={[Function]}
          placeholder="Enter your current address"
          type="text"
        />
      </label>
    </div>
    <div
      className="form_content__inputField"
    >
      <label
        htmlFor="country"
      >
        <span
          className="form_content__inputField___label"
        >
          COUNTRY
        </span>
        <input
          className="form_content__inputField___input"
          name="country"
          onChange={[Function]}
          placeholder="Enter your country"
          type="text"
        />
      </label>
    </div>
    <div
      className="form_content__inputField"
    >
      <label
        htmlFor="prefered_language"
      >
        <span
          className="form_content__inputField___label"
        >
          PREFERED LANGUAGE
        </span>
        <input
          className="form_content__inputField___input"
          name="prefered_language"
          onChange={[Function]}
          placeholder="Enter your prefered language"
          type="text"
        />
      </label>
    </div>
    <div
      className="form_content__inputField"
    >
      <label
        htmlFor="prefered_currency"
      >
        <span
          className="form_content__inputField___label"
        >
          PREFERED CURRENCY
        </span>
        <input
          className="form_content__inputField___input"
          name="prefered_currency"
          onChange={[Function]}
          placeholder="Enter your prefered currency"
          type="text"
        />
      </label>
    </div>
    <div
      className="form_content__inputField"
    >
      <label
        htmlFor="company"
      >
        <span
          className="form_content__inputField___label"
        >
          COMPANY
        </span>
        <input
          className="form_content__inputField___input"
          name="company"
          onChange={[Function]}
          placeholder="Enter your company"
          type="text"
        />
      </label>
    </div>
    <div
      className="form_content__inputField"
    >
      <label
        htmlFor="department"
      >
        <span
          className="form_content__inputField___label"
        >
          DEPARTMENT
        </span>
        <input
          className="form_content__inputField___input"
          name="department"
          onChange={[Function]}
          placeholder="Enter your department"
          type="text"
        />
      </label>
    </div>
  </div>
</form>
`;
