// Jest Snapshot v1, https://goo.gl/fbAQLP

exports[`<Notification /> shallow rendering tests matches the snapshot 1`] = `
<ContextProvider
  value={null}
>
  <Notification
    dispatch={[Function]}
    loading={false}
    notifications={Array []}
    store={
      Object {
        "clearActions": [Function],
        "dispatch": [Function],
        "getActions": [Function],
        "getState": [Function],
        "replaceReducer": [Function],
        "subscribe": [Function],
      }
    }
  />
</ContextProvider>
`;
